[bulabosjr.wixsite.com/ws-3.html]
[static.parastorage.com/unpkg/core-js-bundle@3.2.1/minified.js]
[static.parastorage.com/unpkg/focus-within-polyfill@5.0.9/dist/focus-within-polyfill.js]
[backblue.gif]
[fade.gif]
[index.html]
[polyfill.io/v3/polyfill.mind82c.js]
[browser.sentry-cdn.com/6.18.2/bundle.min.js]
[bulabosjr.wixsite.com/decodeURIComponent(e]
[bulabosjr.wixsite.com/sitemap.xml]
[bulabosjr.wixsite.com/feed.xml]
[static.parastorage.com/services/wix-thunderbolt/dist/bootstrap-features.36d5e27f.bundle.min.js]
[static.parastorage.com/services/wix-thunderbolt/dist/main.1487cf42.bundle.min.js]
[static.parastorage.com/unpkg/lodash@4.17.21/lodash.min.js]
[static.parastorage.com/unpkg/react@16.13.1/umd/react.production.min.js]
[static.parastorage.com/services/tag-manager-client/1.427.0/siteTags.bundle.min.js]
[static.parastorage.com/services/wix-perf-measure/1.756.0/wix-perf-measure.bundle.min.js]
[static.parastorage.com/unpkg/react-dom@16.13.1/umd/react-dom.production.min.js]
[bulabosjr.wixsite.com/index.html]
[bulabosjr.wixsite.com/5b26625f.min.f.delayed]
[bulabosjr.wixsite.com/cbe8dd54.chunk.min.js]
[bulabosjr.wixsite.com/ac4697aa.chunk.min.js]
[bulabosjr.wixsite.com/rb_wixui.thunderbolt_bootstrap-classic.517d63bb.chunk.min.js]
[bulabosjr.wixsite.com/version/index.html]
[bulabosjr.wixsite.com/rb_wixui.thunderbolt_bootstrap-responsive.a66c1914.chunk.min.css]
[bulabosjr.wixsite.com/rb_wixui.thunderbolt_bootstrap-responsive.ac4697aa.chunk.min.js]
[bulabosjr.wixsite.com/rb_wixui.thunderbolt_bootstrap.5641211f.chunk.min.css]
[bulabosjr.wixsite.com/rb_wixui.thunderbolt_bootstrap.cbe8dd54.chunk.min.js]
[static.wixstatic.com/media/4ae581_6cb10720939c405695aa6679654aae96_mv2.png/v1/fill/w_84,h_84,al_c,q_85,usm_0.66_1.00_0.01,blur_3,enc_auto/GreekMyth-zeus-bold-400w.png]
[bulabosjr.wixsite.com/ws-3/gallery.html]
[static.wixstatic.com/media/4ae581_24b32460cef7466da68c111f55c0507e_mv2.jpg/v1/fill/w_245,h_99,al_c,q_80,usm_0.66_1.00_0.01,blur_2,enc_auto/4ae581_24b32460cef7466da68c111f55c0507e_mv2.jpg]
[static.wixstatic.com/media/4ae581_581ca03fc0374e33b7b0e5e434277438_mv2.jpg/v1/fill/w_186,h_120,al_c,q_80,usm_0.66_1.00_0.01,blur_2,enc_auto/photo-1518081461904-9d8f136351c2.jpg]
[bulabosjr.wixsite.com/ws-3.html]
[bulabosjr.wixsite.com/decodeURIComponent(e.html]
[bulabosjr.wixsite.com/sitemap.html]
[bulabosjr.wixsite.com/feed.html]
[bulabosjr.wixsite.com/index.html]
[bulabosjr.wixsite.com/version/index.html]
[bulabosjr.wixsite.com/5b26625f.min.html]
[bulabosjr.wixsite.com/cbe8dd54.chunk.min.html]
[bulabosjr.wixsite.com/ac4697aa.chunk.min.html]
[bulabosjr.wixsite.com/rb_wixui.thunderbolt_bootstrap-classic.517d63bb.chunk.min.html]
[bulabosjr.wixsite.com/rb_wixui.thunderbolt_bootstrap-responsive.a66c1914.chunk.min.html]
[bulabosjr.wixsite.com/rb_wixui.thunderbolt_bootstrap-responsive.ac4697aa.chunk.min.html]
[bulabosjr.wixsite.com/rb_wixui.thunderbolt_bootstrap.5641211f.chunk.min.html]
[bulabosjr.wixsite.com/rb_wixui.thunderbolt_bootstrap.cbe8dd54.chunk.min.html]
[bulabosjr.wixsite.com/ws-3/about.html]
[static.wixstatic.com/media/4ae581_d70ef815fcd1486c88bd7037c020547e_mv2.jpg/v1/fill/w_154,h_86,al_c,q_80,usm_0.66_1.00_0.01,blur_2,/dannie-jing-3GZlhROZIQg-unsplash-scaled-e1620701652106.1b.delay]
[bulabosjr.wixsite.com/ws-3/decodeURIComponent(e]
[bulabosjr.wixsite.com/ws-3/robots.txt]
[bulabosjr.wixsite.com/ws-3/sitemap.xml]
[bulabosjr.wixsite.com/ws-3/feed.xml]
[bulabosjr.wixsite.com/ws-3/5b26625f.min.css]
[bulabosjr.wixsite.com/ws-3/cbe8dd54.chunk.min.js]
[bulabosjr.wixsite.com/ws-3/ac4697aa.chunk.min.js]
[bulabosjr.wixsite.com/ws-3/version/index.html]
[bulabosjr.wixsite.com/ws-3/rb_wixui.thunderbolt_bootstrap-classic.517d63bb.chunk.min.24.delayed]
[bulabosjr.wixsite.com/ws-3/rb_wixui.thunderbolt_bootstrap-responsive.a66c1914.chunk.min.css]
[bulabosjr.wixsite.com/ws-3/rb_wixui.thunderbolt_bootstrap-responsive.ac4697aa.chunk.min.js]
[bulabosjr.wixsite.com/ws-3/rb_wixui.thunderbolt_bootstrap.5641211f.chunk.min.css]
[bulabosjr.wixsite.com/ws-3/rb_wixui.thunderbolt_bootstrap.cbe8dd54.chunk.min.js]
[static.wixstatic.com/media/4ae581_b63f0581ca2a4b43a3349198607de4aa_mv2.jpg/v1/fill/w_215,h_44,al_c,q_80,usm_0.66_1.00_0.01,blur_2,enc_auto/4ae581_b63f0581ca2a4b43a3349198607de4aa_mv2.jpg]
[static.wixstatic.com/media/4ae581_801fed9c62e349c2abd886ea891328cb_mv2.png/v1/fill/w_121,h_140,al_c,q_85,usm_0.66_1.00_0.01,blur_2,enc_auto/image_2022-05-12_095015311.png]
[static.wixstatic.com/media/4ae581_80a3851aabb34e24a60458665b47e94b_mv2.jpg/v1/fill/w_184,h_110,al_c,q_80,usm_0.66_1.00_0.01,blur_2,enc_auto/image_2022-05-12_113158546.jpg]
[static.wixstatic.com/media/4ae581_2ba60850a7124c5bbea78a02df972e3a_mv2.jpg/v1/fill/w_196,h_346,al_c,q_80,usm_0.66_1.00_0.01,blur_3,enc_auto/Lady_Justice-1161729959m.jpg]
[static.wixstatic.com/media/4ae581_b66d2e32fce0472b97519adc4eea2b9e_mv2.jpg/v1/fill/w_191,h_336,al_c,q_80,usm_0.66_1.00_0.01,blur_3,enc_auto/Pandora_-_John_William_Waterhouse.jpg]
[static.wixstatic.com/media/4ae581_af19a3e8282547d89f8960dd5a3b5412_mv2.jpg/v1/fill/w_139,h_105,al_c,q_80,usm_0.66_1.00_0.01,blur_2,enc_auto/unnamed.jpg]
[bulabosjr.wixsite.com/ws-3/gallery.html]
[bulabosjr.wixsite.com/ws-3/d078781b.min.css]
[static.wixstatic.com/media/4ae581_7c4be06c82124f0783ccda2ac3e2034b_mv2.jpg/v1/fill/w_164,h_44,al_c,q_80,usm_0.66_1.00_0.01,blur_2,enc_auto/4ae581_7c4be06c82124f0783ccda2ac3e2034b_mv2.jpg]
[static.wixstatic.com/media/4ae581_f02af112dc5049ddbe97f8954999a819_mv2.jpg/v1/crop/x_43,y_97,w_1656,h_1656/fill/w_154,h_154,al_c,q_80,usm_0.66_1.00_0.01,blur_3,enc_auto/DSC06892_edited.jpg]
[static.wixstatic.com/media/4ae581_8e9cb48fe7244191bb75ad2752c97673_mv2.jpg/v1/fill/w_159,h_159,al_c,q_80,usm_0.66_1.00_0.01,blur_3,enc_auto/IMG_20201127_094756_365.jpg]
[bulabosjr.wixsite.com/ws-3/about.html]
[bulabosjr.wixsite.com/ws-3/decodeURIComponent(e.html]
[bulabosjr.wixsite.com/ws-3/robots.html]
[bulabosjr.wixsite.com/ws-3/feed.html]
[bulabosjr.wixsite.com/ws-3/version/index.html]
[bulabosjr.wixsite.com/ws-3/5b26625f.min.html]
[bulabosjr.wixsite.com/ws-3/cbe8dd54.chunk.min.html]
[bulabosjr.wixsite.com/ws-3/ac4697aa.chunk.min.html]
[bulabosjr.wixsite.com/ws-3/rb_wixui.thunderbolt_bootstrap-classic.517d63bb.chunk.min.html]
[bulabosjr.wixsite.com/ws-3/rb_wixui.thunderbolt_bootstrap-responsive.a66c1914.chunk.min.html]
[bulabosjr.wixsite.com/ws-3/rb_wixui.thunderbolt_bootstrap-responsive.ac4697aa.chunk.min.html]
[bulabosjr.wixsite.com/ws-3/rb_wixui.thunderbolt_bootstrap.5641211f.chunk.min.html]
[bulabosjr.wixsite.com/ws-3/rb_wixui.thunderbolt_bootstrap.cbe8dd54.chunk.min.html]
[bulabosjr.wixsite.com/ws-3/d078781b.min.html]
